<?xml version="1.0" encoding="utf-8"?><testsuites><testsuite name="pytest" errors="0" failures="0" skipped="0" tests="4" time="3.795" timestamp="2025-01-31T07:02:18.584802-05:00" hostname="CO-IT024083"><testcase classname="tests.api.test_api.TestBatchPipeline" name="test_should_failed_unkown_column_1" time="0.003" /><testcase classname="tests.api.test_api.TestBatchPipeline" name="test_should_failed_unkown_column_2" time="0.002" /><testcase classname="tests.api.test_api.TestBatchPipeline" name="test_should_failed_unkown_column_3" time="0.002" /><testcase classname="tests.api.test_api.TestBatchPipeline" name="test_should_get_predict" time="0.001" /></testsuite></testsuites>